-mindfa
{
#1 -> [0-9] #3 | [a-z] #2;
#2 -> [a-z0-9] #2 | ();
#3 -> [0-9] #3 | ();
}
#1