-mindfa
{
#1 -> [a-z] #2;
#2 -> [0-9a-z] #2 | ();
}
#1