-mindfa
{
#1 -> d #2 | b #3;
#2 -> 1 #4;
#3 -> c #5;
#4 -> 2 #6;
#5 -> a #1;
#6 -> 3 #7;
#7 -> 1 #8;
#8 -> 2 #9;
#9 -> 3 #10;
#10 -> ();
}
#1