-mindfa -alphabet a-zA-Z
{
#1 -> a #2 | d #3;
#2 -> b #4;
#3 -> i #5;
#4 -> s #6;
#5 -> v #6;
#6 -> ();
}
#1